// Jest Snapshot v1, https://goo.gl/fbAQLP

exports[`renders without crashing 1`] = `
<a
  className="override "
  href="https://example.com"
>
  content
</a>
`;
