// Jest Snapshot v1, https://goo.gl/fbAQLP

exports[`renders without crashing 1`] = `
.c0 {
  font-size: 24px;
  text-align: left;
}

<h1
  className="c0"
>
  content
</h1>
`;
