// Jest Snapshot v1, https://goo.gl/fbAQLP

exports[`renders without crashing 1`] = `
.c0 {
  margin: 20px 0 40px 0;
  border-top: 0;
  border-color: #f0f0f0;
}

<hr
  className="c0"
/>
`;
