// Jest Snapshot v1, https://goo.gl/fbAQLP

exports[`renders without crashing 1`] = `
.c0 {
  display: none;
  font-size: 0px;
  line-height: 0px;
  max-height: 0px;
  max-width: 0px;
  opacity: 0;
  overflow: hidden;
  visibility: hidden;
  msohide: all;
}

<span
  className="c0"
>
  preview
</span>
`;
