// Jest Snapshot v1, https://goo.gl/fbAQLP

exports[`renders without crashing 1`] = `
Array [
  <span>
    www.
</span>,
  <span>
    example.
</span>,
  <span>
    com
</span>,
]
`;
